[debug] [2026-06-29T17:57:28.403Z] ----------------------------------------------------------------------
[debug] [2026-06-29T17:57:28.408Z] Command:       C:\Program Files\nodejs\node.exe C:\Users\DELL\AppData\Roaming\npm\node_modules\firebase-tools\lib\bin\firebase.js init
[debug] [2026-06-29T17:57:28.408Z] CLI Version:   15.22.3
[debug] [2026-06-29T17:57:28.408Z] Platform:      win32
[debug] [2026-06-29T17:57:28.408Z] Node Version:  v24.18.0
[debug] [2026-06-29T17:57:28.409Z] Detected Agent: unknown
[debug] [2026-06-29T17:57:28.409Z] Time:          Mon Jun 29 2026 10:57:28 GMT-0700 (Pacific Daylight Time)
[debug] [2026-06-29T17:57:28.409Z] ----------------------------------------------------------------------
[debug] 
[info] 
     ######## #### ########  ######## ########     ###     ######  ########
     ##        ##  ##     ## ##       ##     ##  ##   ##  ##       ##
     ######    ##  ########  ######   ########  #########  ######  ######
     ##        ##  ##    ##  ##       ##     ## ##     ##       ## ##
     ##       #### ##     ## ######## ########  ##     ##  ######  ########

You're about to initialize a Firebase project in this directory:

  C:\Users\DELL\Documents\GitHub\veronew

Before we get started, keep in mind:

  * You are initializing within an existing Firebase project directory

[info] 
=== Project Setup
[info] 
[info] First, let's associate this project directory with a Firebase project.
[info] You can create multiple project aliases by running firebase use --add, 
[info] 
[debug] [2026-06-29T17:57:57.387Z] > command requires scopes: ["email","openid","https://www.googleapis.com/auth/cloudplatformprojects.readonly","https://www.googleapis.com/auth/firebase","https://www.googleapis.com/auth/cloud-platform"]
[debug] [2026-06-29T17:57:57.387Z] > authorizing via signed-in user (abdelrhmannkhaledd1@gmail.com)
[debug] [2026-06-29T17:57:57.390Z] Checked if tokens are valid: true, expires at: 1782759435493
[debug] [2026-06-29T17:57:57.390Z] Checked if tokens are valid: true, expires at: 1782759435493
[debug] [2026-06-29T17:57:57.392Z] >>> [apiv2][query] GET https://firebase.googleapis.com/v1beta1/projects pageSize=100
[debug] [2026-06-29T17:57:58.362Z] <<< [apiv2][status] GET https://firebase.googleapis.com/v1beta1/projects 200
[debug] [2026-06-29T17:57:58.362Z] <<< [apiv2][body] GET https://firebase.googleapis.com/v1beta1/projects [omitted]
[info] 
=== Hosting Setup
[debug] [2026-06-29T17:58:05.005Z] Checked if tokens are valid: true, expires at: 1782759435493
[debug] [2026-06-29T17:58:05.005Z] Checked if tokens are valid: true, expires at: 1782759435493
[debug] [2026-06-29T17:58:05.005Z] >>> [apiv2][query] GET https://firebase.googleapis.com/v1beta1/projects/vero-86809 [none]
[debug] [2026-06-29T17:58:05.501Z] <<< [apiv2][status] GET https://firebase.googleapis.com/v1beta1/projects/vero-86809 200
[debug] [2026-06-29T17:58:05.502Z] <<< [apiv2][body] GET https://firebase.googleapis.com/v1beta1/projects/vero-86809 {"projectId":"vero-86809","projectNumber":"745753790012","displayName":"vero","name":"projects/vero-86809","resources":{"hostingSite":"vero-86809"},"state":"ACTIVE","etag":"1_5c59ed5e-35f5-480b-a110-3718042848eb"}
[info] 
[info] Your public directory is the folder (relative to your project directory) that
[info] will contain Hosting assets to be uploaded with firebase deploy. If you
[info] have a build process for your assets, use your build's output directory.
[info] 
[info] 
[info] i  Detected a .git folder at C:\Users\DELL\Documents\GitHub\veronew 
[info] i  Authorizing with GitHub to upload your service account to a GitHub repository's secrets store. 
[info] 
[info] Visit this URL on this device to log in:
[info] https://github.com/login/oauth/authorize?client_id=89cf50f02ac6aaed3484&state=811780031&redirect_uri=http%3A%2F%2Flocalhost%3A9005&scope=read%3Auser%20repo%20public_repo
[info] 
[info] Waiting for authentication...
[debug] [2026-06-29T17:58:56.185Z] >>> [apiv2][query] POST https://github.com/login/oauth/access_token [none]
[debug] [2026-06-29T17:58:56.185Z] >>> [apiv2][body] POST https://github.com/login/oauth/access_token [stream]
[debug] [2026-06-29T17:58:56.723Z] <<< [apiv2][status] POST https://github.com/login/oauth/access_token 200
[debug] [2026-06-29T17:58:56.723Z] <<< [apiv2][body] POST https://github.com/login/oauth/access_token {"access_token":"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","token_type":"bearer","scope":"read:user,repo"}
[debug] [2026-06-29T17:58:56.729Z] >>> [apiv2][query] GET https://api.github.com/user [none]
[debug] [2026-06-29T17:58:57.411Z] <<< [apiv2][status] GET https://api.github.com/user 200
[debug] [2026-06-29T17:58:57.412Z] <<< [apiv2][body] GET https://api.github.com/user {"login":"Abdelrahmann1","id":86198822,"node_id":"MDQ6VXNlcjg2MTk4ODIy","avatar_url":"https://avatars.githubusercontent.com/u/86198822?v=4","gravatar_id":"","url":"https://api.github.com/users/Abdelrahmann1","html_url":"https://github.com/Abdelrahmann1","followers_url":"https://api.github.com/users/Abdelrahmann1/followers","following_url":"https://api.github.com/users/Abdelrahmann1/following{/other_user}","gists_url":"https://api.github.com/users/Abdelrahmann1/gists{/gist_id}","starred_url":"https://api.github.com/users/Abdelrahmann1/starred{/owner}{/repo}","subscriptions_url":"https://api.github.com/users/Abdelrahmann1/subscriptions","organizations_url":"https://api.github.com/users/Abdelrahmann1/orgs","repos_url":"https://api.github.com/users/Abdelrahmann1/repos","events_url":"https://api.github.com/users/Abdelrahmann1/events{/privacy}","received_events_url":"https://api.github.com/users/Abdelrahmann1/received_events","type":"User","user_view_type":"private","site_admin":false,"name":"abdelrahman","company":null,"blog":"","location":null,"email":null,"hireable":null,"bio":null,"twitter_username":null,"notification_email":null,"public_repos":47,"public_gists":0,"followers":7,"following":5,"created_at":"2021-06-20T15:51:43Z","updated_at":"2026-06-28T21:27:52Z","private_gists":0,"total_private_repos":71,"owned_private_repos":71,"disk_usage":2379183,"collaborators":12,"two_factor_authentication":false,"plan":{"name":"free","space":976562499,"collaborators":0,"private_repos":10000}}
[info] 
[info] +  Success! Logged into GitHub as Abdelrahmann1 
[info] 
